[backblue.gif]
[fade.gif]
[index.html]
[www.afbank.com/sites/default/files/favicons/apple-touch-icon.png]
[www.afbank.com/sites/default/files/favicons/favicon-32x32.png]
[www.afbank.com/sites/default/files/favicons/favicon-16x16.png]
[www.afbank.com/sites/default/files/visa-card-afb_2.png]
[www.afbank.com/index.html]
[www.afbank.com/sites/default/files/favicons/site.html]
[www.afbank.com/sites/default/files/afb_holiday_access_message_3_11-29-22.png]
[www.afbank.com/sites/default/files/afb_cd_homepage_banner_-_oct_5_2022_compressed_resized.png]
[www.afbank.com/sites/default/files/mmkt_-_afb_homepage_slider_banner_002.png]
[www.afbank.com/sites/default/files/favicons/safari-pinned-tab.svg]
[www.afbank.com/sites/default/files/pod-icon/new-cal_0.png]
[www.afbank.com/sites/all/themes/afb/img/locator.png]
[www.afbank.com/sites/default/files/pods/premier-money-market_0_8232022.jpg]
[www.afbank.com/sites/default/files/css/css_lQaZfjVpwP_oGNqdtWCSpJT1EMqXdMiU84ekLLxQnc4.css]
[www.afbank.com/sites/default/files/pods/afb_early_pay_-_pod8232022.jpg]
[www.afbank.com/sites/default/files/pods/afb_mortgage_loan_experts_-_pod.png]
[www.afbank.com/sites/default/files/pods/mobile_banking576x280_8232022.jpg]
[www.afbank.com/sites/default/files/pods/credit_builder.jpg]
[www.afbank.com/sites/default/files/css/css_oBwGDoWfw2LGYiJq9tGBRWJRpGOTY-MW07OlhvYxdZo.css]
[www.afbank.com/sites/default/files/pods/afb_pod_home_construction-min_8232022.jpg]
[www.afbank.com/sites/default/files/css/css_Uo5qtFXmJndgr8iALFy89hNs1NQwPGa00wwbFuL2w2c.css]
[www.afbank.com/sites/all/themes/afb/img/bank-of-the-year-badge.png]
[www.afbank.com/sites/all/themes/afb/img/military-saves-white.png]
[www.afbank.com/sites/all/themes/afb/img/a-million-thanks.png]
[www.afbank.com/sites/all/themes/afb/img/military-spouse-white.png]
[www.afbank.com/sites/all/themes/afb/img/member-fdic.png]
[www.afbank.com/sites/all/themes/afb/img/equal-housing.png]
[www.afbank.com/sites/all/modules/site_alert/css/icon-alert.png]
[www.afbank.com/sites/all/modules/ctools/images/status-active.gif]
[www.afbank.com/sites/all/themes/afb/fonts/glyphicons-halflings-regular.eot]
[www.afbank.com/sites/all/themes/afb/fonts/glyphicons-halflings-regulard41d.eot]
[www.afbank.com/sites/default/files/css/css_M1mphJAkJtt4gmrQjMFDQPN0tSuq7in6mWBi_51kpjQ.css]
[www.afbank.com/sites/all/themes/afb/fonts/glyphicons-halflings-regular.woff]
[www.afbank.com/sites/all/themes/afb/fonts/glyphicons-halflings-regular.ttf]
[www.afbank.com/sites/default/files/js/js_c8rhwVo0AtwnfOYOjt3D4RPjondsx-sPqSnJaJWbUx4.js]
[www.afbank.com/sites/all/themes/afb/fonts/font-awesome5/webfonts/fa-brands-400.eot]
[www.afbank.com/sites/all/themes/afb/fonts/font-awesome5/webfonts/fa-brands-400d41d.eot]
[www.afbank.com/sites/all/themes/afb/fonts/font-awesome5/webfonts/fa-brands-400.woff]
[www.afbank.com/sites/all/themes/afb/fonts/font-awesome5/webfonts/fa-brands-400.ttf]
[www.afbank.com/sites/all/themes/afb/fonts/font-awesome5/webfonts/fa-regular-400.eot]
[www.afbank.com/sites/all/themes/afb/fonts/font-awesome5/webfonts/fa-regular-400d41d.eot]
[www.afbank.com/sites/all/themes/afb/fonts/font-awesome5/webfonts/fa-regular-400.woff]
[www.afbank.com/sites/all/themes/afb/fonts/font-awesome5/webfonts/fa-regular-400.ttf]
[www.afbank.com/sites/all/themes/afb/fonts/font-awesome5/webfonts/fa-solid-900.eot]
[www.afbank.com/sites/all/themes/afb/fonts/font-awesome5/webfonts/fa-solid-900d41d.eot]
[www.afbank.com/sites/all/themes/afb/fonts/font-awesome5/webfonts/fa-solid-900.woff]
[www.afbank.com/sites/all/themes/afb/fonts/font-awesome5/webfonts/fa-solid-900.ttf]
[www.afbank.com/sites/all/themes/afb/fonts/webfonts/315ABB_0_0.eot]
[www.afbank.com/sites/all/themes/afb/fonts/webfonts/315ABB_0_0d41d.eot]
[www.afbank.com/sites/all/themes/afb/fonts/webfonts/315ABB_0_0.woff]
[www.afbank.com/sites/all/themes/afb/fonts/webfonts/315ABB_0_0.ttf]
[www.afbank.com/sites/all/themes/afb/fonts/webfonts/315ABB_1_0.eot]
[www.afbank.com/sites/all/themes/afb/fonts/webfonts/315ABB_1_0d41d.eot]
[www.afbank.com/sites/all/themes/afb/fonts/webfonts/315ABB_1_0.woff]
[www.afbank.com/sites/all/themes/afb/fonts/webfonts/315ABB_1_0.ttf]
[www.afbank.com/sites/all/themes/afb/fonts/webfonts/315ABB_2_0.eot]
[www.afbank.com/sites/all/themes/afb/fonts/webfonts/315ABB_2_0d41d.eot]
[www.afbank.com/sites/all/themes/afb/fonts/webfonts/315ABB_2_0.woff]
[www.afbank.com/sites/all/themes/afb/fonts/webfonts/315ABB_2_0.ttf]
[www.afbank.com/sites/all/themes/afb/fonts/webfonts/315ABB_3_0.eot]
[www.afbank.com/sites/all/themes/afb/fonts/webfonts/315ABB_3_0d41d.eot]
[www.afbank.com/sites/all/modules/jquery_update/replace/jquery/1.10/jquery.min.js]
[www.afbank.com/sites/all/themes/afb/fonts/webfonts/315ABB_3_0.woff]
[www.afbank.com/sites/all/themes/afb/fonts/webfonts/315ABB_3_0.ttf]
[www.afbank.com/sites/all/themes/afb/fonts/webfonts/315ABB_4_0.eot]
[www.afbank.com/sites/all/themes/afb/fonts/webfonts/315ABB_4_0d41d.eot]
[www.afbank.com/sites/default/files/js/js_Hfha9RCTNm8mqMDLXriIsKGMaghzs4ZaqJPLj2esi7s.js]
[www.afbank.com/sites/all/themes/afb/fonts/webfonts/315ABB_4_0.woff]
[www.afbank.com/sites/all/themes/afb/fonts/webfonts/315ABB_4_0.ttf]
[www.afbank.com/sites/all/themes/afb/fonts/webfonts/315ABB_5_0.eot]
[www.afbank.com/sites/default/files/js/js_KCd8rbJYUruV1tRJnh4um34UYvyhlrSVCPR1jNko2h8.js]
[www.afbank.com/sites/all/themes/afb/fonts/webfonts/315ABB_5_0d41d.eot]
[www.afbank.com/sites/all/themes/afb/fonts/webfonts/315ABB_5_0.woff]
[www.afbank.com/sites/all/themes/afb/fonts/webfonts/315ABB_5_0.ttf]
[www.afbank.com/sites/default/files/js/js_Z6B1SXrss_UQUIs1ak8KX7TRa-xHdZhNO8-3lOc5jk0.js]
[www.afbank.com/sites/all/themes/afb/fonts/webfonts/315ABB_6_0.eot]
[www.afbank.com/sites/all/themes/afb/fonts/webfonts/315ABB_6_0d41d.eot]
[www.afbank.com/sites/all/themes/afb/fonts/webfonts/315ABB_6_0.woff]
[www.afbank.com/sites/default/files/js/js_lbiJgXoeIA2vYVKoDlu8esyovhkUwvMklob31egmmf0.js]
[www.afbank.com/sites/all/themes/afb/fonts/webfonts/315ABB_6_0.ttf]
[www.afbank.com/sites/all/themes/afb/fonts/webfonts/315ABB_7_0.eot]
[www.afbank.com/sites/all/themes/afb/fonts/webfonts/315ABB_7_0d41d.eot]
[www.afbank.com/sites/all/themes/afb/fonts/webfonts/315ABB_7_0.woff]
[www.afbank.com/sites/all/themes/afb/fonts/webfonts/315ABB_7_0.ttf]
[www.afbank.com/sites/all/themes/afb/img/swoosh-sm-red.png]
[www.afbank.com/sites/all/themes/afb/img/swoosh-lg-red.png]
[www.afbank.com/sites/all/themes/afb/img/cta-swoosh-red.png]
[www.afbank.com/sites/all/themes/afb/img/swoosh-off-white.png]
[www.afbank.com/sites/all/themes/afb/img/need-to-know.jpg]
[www.afbank.com/sites/all/themes/afb/img/benefits.jpg]
[www.afbank.com/sites/all/themes/afb/img/close.png]
[www.afbank.com/sites/all/themes/afb/img/bubble-claws.png]
[www.afbank.com/sites/all/themes/afb/img/exposedbg.png]
[www.afbank.com/sites/all/themes/afb/img/mapclose.png]
[www.afbank.com/sites/all/themes/afb/img/check.png]
[www.afbank.com/sites/default/files/js/js_tV4SfBRpfqCbIK1u0OEA5gspngvhWHjsNOljc2Z69hc.js]
[www.afbank.com/sites/all/themes/afb/img/search.svg]
[www.afbank.com/POST.html]
[www.afbank.com/business.html]
[www.afbank.com/sites/default/files/sba_slider_8292022.png]
[www.afbank.com/sites/default/files/clover_mini_slider_8292022.png]
[www.afbank.com/sites/default/files/pod-icon/cc-icon-afb.png]
[www.afbank.com/sites/default/files/pods/ebusiness-banking_8232022.jpg]
[www.afbank.com/sites/default/files/pods/make-and-receive-payments_8232022.jpg]
[www.afbank.com/sites/default/files/pods/home-owners-associations_8232022.jpg]
[www.afbank.com/locations/permanent-b0b701/assets/images/logo.66f008cf.png]
[www.afbank.com/locations/permanent-b0b701/assets/images/afb_favicon.bac2b4e0.ico]
[www.afbank.com/locations/permanent-b0b701/i18nBundle_en_es5.140a3de3.js]
[www.afbank.com/locations/permanent-b0b701/i18nBundle_en_es6.e0061505.js]
[www.afbank.com/locations/permanent-b0b701/node_modules_es6/primary/answers/index_es6/primary/cityList/index_es6/primary/financialProfessional/_a3b82664.38bd8251.js]
[www.afbank.com/locations/permanent-b0b701/node_modules_es6/primary/answers/index_es6/primary/cityList/index_es6/primary/financialProfessional/_3837efd3.1bf4cedc.js]
[www.afbank.com/locations/permanent-b0b701/es6/www.afbank.com/stateList/index.375fc036.js]
[www.afbank.com/locations/permanent-b0b701/node_modules_es5/primary/answers/index_es5/primary/cityList/index_es5/primary/financialProfessional/_383e0d37.ebf5c842.js]
[www.afbank.com/locations/permanent-b0b701/node_modules_es5/primary/answers/index_es5/primary/cityList/index_es5/primary/financialProfessional/_af44ca0f.6e872b59.js]
[www.afbank.com/locations/permanent-b0b701/es5/www.afbank.com/stateList/index.d3c72c84.js]
[www.afbank.com/locations/index.html]
[www.afbank.com/sites/default/files/hero-images/help_center_8232022.jpg]
[www.afbank.com/help-center.html]
[www.afbank.com/media.html]
[www.afbank.com/sites/all/themes/afb/img/america-saves.png]
[www.afbank.com/sites/default/files/hero-images/education_8232022.jpg]
[www.afbank.com/content/education.html]
[www.afbank.com/sites/default/files/blog/cd-mmk_blog_12-19-22_tiny.png]
[www.afbank.com/blog.html]
[www.afbank.com/sites/all/themes/afb/logo.svg]
[www.afbank.com/sites/default/files/blog/holiday-blog_afb_12-5-22_tiny.png]
[www.afbank.com/sites/default/files/blog/afb_holiday_survey_2022_-_infographic_no_ad_tiny_11-30-22.png]
[www.afbank.com/sites/default/files/hero-images/recruit_access_checking_8232022_0.jpg]
[www.afbank.com/sites/default/files/documents/acceptable_forms_of_id.pdf]
[www.afbank.com/sites/default/files/documents/recruit_direct_deposit_form.pdf]
[www.afbank.com/sites/default/files/afb_checking_101_workbook.pdf]
[www.afbank.com/sites/default/files/documents/recruit_access_checking_account_application.pdf]
[www.afbank.com/personal/accounts/new-recruit/recruit-access-checking.html]
[www.afbank.com/personal/accounts/new-recruit/recruiter-resources.html]
[www.afbank.com/sites/default/files/hero-images/recruit_access_checking_8232022.jpg]
[www.afbank.com/sites/default/files/banking-financial.png]
[www.afbank.com/personal/accounts/digital-banking.html]
[www.afbank.com/sites/default/files/hero-images/digital_banking_8232022.jpg]
[www.afbank.com/sites/all/themes/afb/img/appstore.png]
[www.afbank.com/sites/all/themes/afb/img/googleplay.png]
[www.afbank.com/sites/default/files/documents/online_banking_and_estatement_agreement.pdf]
[www.afbank.com/personal/accounts/new-recruit/military-early-pay.html]
[www.afbank.com/sites/default/files/hero-images/military_early_pay_8232022.jpg]
[www.afbank.com/sites/default/files/afb_military_early_pay_2022.pdf]
[www.afbank.com/sites/default/files/afb_military_early_pay_2023.pdf]
[www.afbank.com/sites/default/files/hero-images/savings_account_8232022.jpg]
[www.afbank.com/personal/accounts/savings/savings-account.html]
[www.afbank.com/sites/default/files/hero-images/credit_builder_secured_visa_credit_card_8232022_0.jpg]
[www.afbank.com/personal/credit-cards/credit-builder.html]
[www.afbank.com/sites/default/files/documents/secured_card_rate_and_fees__0.pdf]
[www.afbank.com/sites/default/files/hero-images/compare_accounts_8232022.jpg]
[www.afbank.com/sites/default/files/documents/access_rewards_checking_brochure.pdf]
[www.afbank.com/personal/accounts/checking/compare-accounts.html]
[www.afbank.com/sites/default/files/cta-images/new_afb_-_military-early-pay_8232022.jpg]
[www.afbank.com/sites/default/files/documents/what_you_need_to_know_about_overdrafts_and_overdraft_fees_pdf.pdf]
[www.afbank.com/sites/default/files/cta-images/new_afb_-_debit-cards_8232022.jpg]
[www.afbank.com/personal/accounts/checking/access-investment-checking-account.html]
[www.afbank.com/sites/default/files/hero-images/elite_checking_8232022_0.jpg]
[www.afbank.com/personal/accounts/checking/access-rewards-checking-account.html]
[www.afbank.com/sites/default/files/hero-images/afb_access_rewards_-_hero_image.png]
[www.afbank.com/sites/default/files/needknow/need-to-know.jpg]
[www.afbank.com/personal/accounts/checking/access-digital-checking-account.html]
[www.afbank.com/sites/default/files/hero-images/access_checking_8232022_0.jpg]
[www.afbank.com/sites/default/files/hero-images/student_checking_8232022.jpg]
[www.afbank.com/personal/accounts/checking/student-checking.html]
[www.afbank.com/personal/accounts/savings/savings-options.html]
[www.afbank.com/sites/default/files/hero-images/savings_options_8232022.jpg]
[www.afbank.com/sites/default/files/cta-images/new_afb_-_ira-bg_0_0_8232022.jpg]
[www.afbank.com/personal/accounts/savings/premier-money-market.html]
[www.afbank.com/sites/default/files/hero-images/premier_money_market_232022.jpg]
[www.afbank.com/personal/accounts/savings/certificates-deposit.html]
[www.afbank.com/sites/default/files/hero-images/certificates_of_deposit_8232022.jpg]
[www.afbank.com/node/3739/index.html]
[www.afbank.com/sites/default/files/hero-images/student_savings_8232022.jpg]
[www.afbank.com/personal/accounts/savings/student-savings.html]
[www.afbank.com/sites/default/files/hero-images/visa_credit_card_8232022.jpg]
[www.afbank.com/sites/default/files/documents/regarding_credit_card_rates.pdf]
[www.afbank.com/personal/credit-cards/visa-credit-card.html]
[www.afbank.com/personal/education/understanding-finances/credit-tips.html]
[www.afbank.com/sites/default/files/hero-images/credit_tips_8232022.jpg]
[www.afbank.com/sites/default/files/body-images/fico-chart.jpg]
[www.afbank.com/military-loan.html]
[www.afbank.com/sites/default/files/hero-images/personal_military_loans_8232022.jpg]
[www.afbank.com/sites/default/files/needknow/afb_chic.jpg]
[www.afbank.com/sites/default/files/hero-images/afb_cd_term_loans_-_hero_image.png]
[www.afbank.com/personal/loans/secured-personal-loans/cd-term-loans.html]
[www.afbank.com/sites/default/files/hero-images/home_equity_line_of_credit_8232022.jpg]
[www.afbank.com/personal/loans/home-equity-loans/home-equity-line-credit.html]
[www.afbank.com/sites/default/files/documents/what_you_should_know_about_home_equity_lines_of_credit_pdf.pdf]
[www.afbank.com/sites/default/files/hero-images/compare_mortgages_8232022.jpg]
[www.afbank.com/sites/default/files/cta-images/new_afb_-_find-loan-advisor_82320200.jpg]
[www.afbank.com/personal/loans/mortgages/compare-mortgages.html]
[www.afbank.com/sites/default/files/hero-images/mortgage_lending_team_8232022.jpg]
[www.afbank.com/sites/default/files/styles/large/public/advisors/paul_abair_480x480f76a.png]
[www.afbank.com/sites/default/files/styles/large/public/advisors/melanie_aguto_480x480_081920227ff5.png]
[www.afbank.com/sites/default/files/styles/large/public/advisors/doug_bowdish480x4806ac8.png]
[www.afbank.com/sites/default/files/styles/large/public/advisors/tom_byrd_480x480ff5c.png]
[www.afbank.com/sites/default/files/styles/large/public/advisors/nancy_carter_480x4807a20.png]
[www.afbank.com/sites/default/files/styles/large/public/advisors/gina_cockman_480x480_new43cb.jpg]
[www.afbank.com/sites/default/files/styles/large/public/advisors/nate_crow_480x480_new9fa0.jpg]
[www.afbank.com/sites/default/files/styles/large/public/advisors/manny_garza_480x4809546.png]
[www.afbank.com/sites/default/files/styles/large/public/advisors/brian_hall_480x4805110.jpg]
[www.afbank.com/sites/default/files/styles/large/public/advisors/todd_hart_480x480936a.png]
[www.afbank.com/sites/default/files/styles/large/public/advisors/brad_hlavacek_480x480abd5.png]
[www.afbank.com/sites/default/files/styles/large/public/advisors/bernie_kalmus_480x480217e.jpg]
[www.afbank.com/sites/default/files/styles/large/public/advisors/jesse_kangas_480x48068c1.jpg]
[www.afbank.com/sites/default/files/styles/large/public/advisors/doug_krueger_480x48022ae.jpg]
[www.afbank.com/sites/default/files/styles/large/public/advisors/nathan_lieser_480x480399d.png]
[www.afbank.com/sites/default/files/styles/large/public/advisors/bryant_mateus_480x48021de.jpg]
[www.afbank.com/sites/default/files/styles/large/public/advisors/brad_mccune_480x480c478.png]
[www.afbank.com/sites/default/files/styles/large/public/advisors/matt_montgomery_480x480_092920223852.jpg]
[www.afbank.com/sites/default/files/styles/large/public/advisors/dave_muehlbauer_480x48013c4.jpg]
[www.afbank.com/sites/default/files/styles/large/public/advisors/christopher_nahill_480x480bb0a.png]
[www.afbank.com/sites/default/files/styles/large/public/advisors/ken_raboin_480x480_929202241df.jpg]
[www.afbank.com/sites/default/files/styles/large/public/advisors/ben_robinson_480x4804c9a.png]
[www.afbank.com/sites/default/files/styles/large/public/advisors/david_rosenthal_480x4807ae3.png]
[www.afbank.com/sites/default/files/styles/large/public/advisors/heather_schneider_480x480f077.png]
[www.afbank.com/sites/default/files/styles/large/public/advisors/jay_schock_480x4805878.png]
[www.afbank.com/sites/default/files/styles/large/public/advisors/michael_signorelli_480x480e92c.png]
[www.afbank.com/sites/default/files/styles/large/public/advisors/matthew_stokes_480x4804ff2.png]
[www.afbank.com/sites/default/files/styles/large/public/advisors/mike_tompkins_480x480c29e.jpg]
[www.afbank.com/sites/default/files/styles/large/public/advisors/jim_wallace_480x480d58d.png]
[www.afbank.com/sites/default/files/styles/large/public/advisors/michelle_williams_480x480_11-18-20221d50.jpg]
[www.afbank.com/personal/loans/mortgages/find-a-loan-advisor.html]
[www.afbank.com/personal/loans/mortgages/refinance.html]
[www.afbank.com/sites/default/files/hero-images/refinance_8232022.jpg]
[www.afbank.com/sites/default/files/hero-images/va_loans_8232022.jpg]
[www.afbank.com/personal/loans/mortgages/va-loans.html]
[www.afbank.com/personal/loans/mortgages/fha-loans.html]
[www.afbank.com/sites/default/files/hero-images/fha_loans_8232022.jpg]
[www.afbank.com/personal/loans/mortgages/conventional-loans.html]
[www.afbank.com/sites/default/files/hero-images/conventional_loans_0.png]
[www.afbank.com/personal/loans/mortgages/jumbo-loans.html]
[www.afbank.com/sites/default/files/hero-images/jumbo_loans_8232022.jpg]
[www.afbank.com/personal/loans/mortgages/hero-loan-program.html]
[www.afbank.com/sites/default/files/hero-images/hero_loan_program_8232022.jpg]
[www.afbank.com/sites/default/files/needknow/armed_forces_bank_hero_9222022.png]
[www.afbank.com/help-center/digital-banking/getting-started.html]
[www.afbank.com/search-results0956.html]
[www.afbank.com/sites/default/files/hero-images/accounts_8232022.jpg]
[www.afbank.com/business/accounts.html]
[www.afbank.com/sites/default/files/cta-images/new_afb_-_ira-bg_0_0_8232022_0.jpg]
[www.afbank.com/personal/accounts/savings/premier-money-market-cd-iras.html]
[www.afbank.com/sites/default/files/hero-images/premier_money_market_cd_iras_8232022.jpg]
[www.afbank.com/business/borrowing-old.html]
[www.afbank.com/sites/default/files/hero-images/borrowing_0.png]
[www.afbank.com/sites/default/files/cta-images/business-credit-card-cta.jpg]
[www.afbank.com/about-us.html]
[www.afbank.com/privacy-policy.html]
[www.afbank.com/sites/default/files/attached/documents/website-privacy-policy-afb.pdf]
[www.afbank.com/security-practices-prevent-fraud-and-identity-theft.html]
[www.afbank.com/sites/default/files/hero-images/kcbj_-_landing_page_resized.png]
[www.afbank.com/site-map.html]
[www.afbank.com/sites/all/themes/afb/logo-white.svg]
[www.afbank.com/sites/default/files/js/js_MRdvkC2u4oGsp5wVxBG1pGV5NrCPW3mssHxIn6G9tGE.js]
[www.afbank.com/sites/all/themes/afb/fonts/glyphicons-halflings-regular.html]
[www.afbank.com/sites/all/themes/afb/fonts/glyphicons-halflings-regular.svg]
[www.afbank.com/sites/all/themes/afb/fonts/font-awesome5/webfonts/fa-brands-400.html]
[www.afbank.com/sites/all/themes/afb/fonts/font-awesome5/webfonts/fa-brands-400.svg]
[www.afbank.com/sites/all/themes/afb/fonts/font-awesome5/webfonts/fa-regular-400.html]
[www.afbank.com/sites/all/themes/afb/fonts/font-awesome5/webfonts/fa-regular-400.svg]
[www.afbank.com/sites/all/themes/afb/fonts/font-awesome5/webfonts/fa-solid-900.html]
[www.afbank.com/sites/all/themes/afb/fonts/font-awesome5/webfonts/fa-solid-900.svg]
[www.afbank.com/sites/all/themes/afb/fonts/webfonts/315ABB_0_0.html]
[www.afbank.com/sites/all/themes/afb/fonts/webfonts/315ABB_1_0.html]
[www.afbank.com/sites/all/themes/afb/fonts/webfonts/315ABB_2_0.html]
[www.afbank.com/sites/all/themes/afb/fonts/webfonts/315ABB_3_0.html]
[www.afbank.com/sites/all/themes/afb/fonts/webfonts/315ABB_4_0.html]
[www.afbank.com/sites/all/themes/afb/fonts/webfonts/315ABB_5_0.html]
[www.afbank.com/sites/all/themes/afb/fonts/webfonts/315ABB_6_0.html]
[www.afbank.com/sites/all/themes/afb/fonts/webfonts/315ABB_7_0.html]
[www.afbank.com/sites/all/themes/afb/img/selectbox.svg]
[www.afbank.com/sites/all/themes/afb/img/form-check.svg]
[www.afbank.com/Popover requires tooltip.html]
[www.afbank.com/forms/clone-employment58ca.html]
[www.afbank.com/sites/default/files/hero-images/business_online_mobile_banking_8232022.jpg]
[www.afbank.com/business/business-online-mobile-banking.html]
[www.afbank.com/business/treasury-management.html]
[www.afbank.com/sites/default/files/hero-images/treasury_management_8232022.jpg]
[www.afbank.com/sites/default/files/hero-images/business_borrowing_8232022.jpg]
[www.afbank.com/business/borrowing.html]
[www.afbank.com/sba-loans.html]
[www.afbank.com/sites/default/files/hero-images/sba_loan_-_landing_page_banner.png]
[www.afbank.com/sites/default/files/hero-images/hero-homeowners-associations.jpg]
[www.afbank.com/business/accounts/community-banking/home-owners-associations.html]
[www.afbank.com/locations/permanent-b0b701/assets/images/angle.8ea431d7.svg]
[www.afbank.com/locations/permanent-b0b701/assets/images/chevron-red.3bfb08d2.svg]
[www.afbank.com/locations/POST.html]
[www.afbank.com/locations/permanent-b0b701/assets/images/header-chevron.b7de887c.svg]
[www.afbank.com/forms/consumer-loan-application.html]
[www.afbank.com/locations/permanent-b0b701/es6/www.afbank.com/locationList/index.09ff10ce.js]
[www.afbank.com/locations/permanent-b0b701/es5/www.afbank.com/locationList/index.dae62df4.js]
[www.afbank.com/locations/al/fort-rucker.html]
[www.afbank.com/locations/permanent-b0b701/es6/www.afbank.com/cityList/index.fee42c7a.js]
[www.afbank.com/locations/permanent-b0b701/es5/www.afbank.com/cityList/index.06633b62.js]
[www.afbank.com/locations/az.html]
[www.afbank.com/locations/ca.html]
[www.afbank.com/locations/co.html]
[www.afbank.com/locations/fl.html]
[www.afbank.com/locations/ga/moody-afb.html]
[www.afbank.com/locations/il/great-lakes.html]
[www.afbank.com/locations/ks.html]
[www.afbank.com/locations/ky/fort-knox.html]
[www.afbank.com/locations/mo/fort-leonard-wood.html]
[www.afbank.com/locations/nv/nellis-afb.html]
[www.afbank.com/locations/nj.html]
[www.afbank.com/locations/tx/fort-bliss.html]
[www.afbank.com/locations/va.html]
[www.afbank.com/locations/wa.html]
[www.afbank.com/locations/permanent-b0b701/assets/images/swoosh-sm.11f4abdf.png]
[www.afbank.com/locations/permanent-b0b701/assets/images/swoosh-lg.b3360e8f.png]
[www.afbank.com/locations/permanent-b0b701/assets/images/swoosh-af-sm.b9467b5f.png]
[www.afbank.com/locations/wy/cheyenne/200-shriever-rd.html]
[www.afbank.com/locations/permanent-b0b701/assets/images/swoosh-af-lg.08219981.png]
[www.afbank.com/locations/permanent-b0b701/assets/images/hero_backup_small.52fc62dc.png]
[www.afbank.com/locations/permanent-b0b701/assets/images/hero_backup.6d4a17ea.png]
[www.afbank.com/locations/permanent-b0b701/es6/www.afbank.com/locationEntity/index.d1324e5f.js]
[www.afbank.com/locations/permanent-b0b701/es5/www.afbank.com/locationEntity/index.9ef7ca81.js]
[www.afbank.com/feedback.html]
[www.afbank.com/sites/default/files/css/css_PGbJgHCUCBf4dg7K9Kt8aAwsApndP4GZ9RuToPy3-Fk.css]
[www.afbank.com/sites/default/files/js/js_eJWVGeYfnG2VkbzrWBYv6vU2Fe5JP-2LWsAJ1E86l2I.js]
[www.afbank.com/help-center/access-rewards-checking-account/getting-started.html]
[www.afbank.com/help-center/access-rewards-checking-account/personal-identity-theft-and-resolution-services.html]
[www.afbank.com/help-center/access-rewards-checking-account/cell-phone-protection.html]
[www.afbank.com/help-center/access-rewards-checking-account/roadside-assistance.html]
[www.afbank.com/help-center/access-rewards-checking-account/buyers-protection-and-extended-warranty-debit-advantage®.html]
[www.afbank.com/help-center/access-rewards-checking-account/credit-file-monitoring-and-identity-monitoring.html]
[www.afbank.com/help-center/checking-savings-accounts/cash2debit.html]
[www.afbank.com/help-center/checking-savings-accounts/getting-started.html]
[www.afbank.com/help-center/checking-savings-accounts/military-early-pay.html]
[www.afbank.com/help-center/checking-savings-accounts/changing-account-info.html]
[www.afbank.com/help-center/checking-savings-accounts/overdrafts-alternatives.html]
[www.afbank.com/help-center/checking-savings-accounts/unrecognized-transactions-disputes.html]
[www.afbank.com/help-center/checking-savings-accounts/debit-cards.html]
[www.afbank.com/help-center/checking-savings-accounts/about-chip-cards.html]
[www.afbank.com/help-center/checking-savings-accounts/opening-account.html]
[www.afbank.com/help-center/credit-cards/credit-builder-secured-visa-credit-card.html]
[www.afbank.com/help-center/credit-cards/about-chip-cards.html]
[www.afbank.com/help-center/credit-cards/general.html]
[www.afbank.com/sites/default/files/documents/afb_relay_authorization_for_secured_mail.pdf]
[www.afbank.com/help-center/deaf-or-hard-hearing-clients/telecommunications-relay-service-trs.html]
[www.afbank.com/help-center/digital-banking-mobile-banking/text-banking.html]
[www.afbank.com/help-center/digital-banking/login-id-password.html]
[www.afbank.com/help-center/digital-banking/bill-pay.html]
[www.afbank.com/help-center/digital-banking/transfers-stop-payments.html]
[www.afbank.com/help-center/digital-banking/estatements.html]
[www.afbank.com/help-center/digital-banking/debit-card-controls.html]
[www.afbank.com/help-center/loans-mortgages/mortgages.html]
[www.afbank.com/help-center/loans-mortgages/loans.html]
[www.afbank.com/help-center/mobile-banking/mobile-deposit.html]
[www.afbank.com/help-center/mobile-banking/mobile-banking-security.html]
[www.afbank.com/help-center/mobile-banking/general.html]
[www.afbank.com/help-center/security/mobile-banking-security.html]
[www.afbank.com/help-center/security/emv-chip-technology.html]
[www.afbank.com/help-center/security/identity-theft.html]
[www.afbank.com/help-center/zelle®/general-questions.html]
[www.afbank.com/podcast/militarily-speaking-ep-20-military-family-advisory-network.html]
[www.afbank.com/media/category/podcasts.html]
[www.afbank.com/podcast/militarily-speaking-ep-19-days-giving.html]
[www.afbank.com/podcast/militarily-speaking-ep-18-fisher-house-vat-garcia.html]
[www.afbank.com/media2679.html]
[www.afbank.com/media/category/in-the-news.html]
[www.afbank.com/media/category/press-releases.html]
[www.afbank.com/content/POST.html]
[www.afbank.com/personal/education/managing-accounts/managing-funds.html]
[www.afbank.com/sites/default/files/hero-images/managing_funds_8232022.jpg]
[www.afbank.com/personal/education/managing-accounts/avoiding-overdrafts.html]
[www.afbank.com/sites/default/files/hero-images/avoiding_overdrafts_8232022.jpg]
[www.afbank.com/personal/education/managing-accounts/spending-wisely.html]
[www.afbank.com/sites/default/files/hero-images/spending_wisely_8232022.jpg]
[www.afbank.com/personal/education/managing-accounts/overdraft-alternatives.html]
[www.afbank.com/sites/default/files/hero-images/overdraft_alternatives_8232022.jpg]
[www.afbank.com/sites/default/files/hero-images/budgeting_8232022.jpg]
[www.afbank.com/personal/education/understanding-finances/budgeting.html]
[www.afbank.com/personal/education/understanding-finances/viewing-credit-reports.html]
[www.afbank.com/sites/default/files/hero-images/viewing_credit_reports_8232022.jpg]
[www.afbank.com/personal/education/banking-safely-securely/preventing-id-theft.html]
[www.afbank.com/sites/default/files/hero-images/preventing_id_theft_8232022.jpg]
[www.afbank.com/personal/education/banking-safely-securely/scams-fraud.html]
[www.afbank.com/sites/default/files/hero-images/scams_fraud_8232022.jpg]
[www.afbank.com/personal/education/banking-safely-securely/reporting-id-theft.html]
[www.afbank.com/sites/default/files/hero-images/reporting_id_theft_8232022.jpg]
[www.afbank.com/personal/education/banking-safely-securely/fraud-alerts-freezes.html]
[www.afbank.com/sites/default/files/hero-images/fraud_alerts_freezes_8232022.jpg]
[www.afbank.com/personal/education/banking-safely-securely/mobile-security-tips.html]
[www.afbank.com/sites/default/files/hero-images/mobile_security_tips_0.png]
[www.afbank.com/personal/education/banking-safely-securely/emv-chip-technology.html]
[www.afbank.com/sites/default/files/hero-images/emv_chip_technology_8232022.jpg]
[www.afbank.com/sites/default/files/body-images/emv_chips_3_steps-afb.jpg]
[www.afbank.com/sites/default/files/body-images/visa-checkout.jpg]
[www.afbank.com/personal/education/banking-safely-securely/visa-card-security.html]
[www.afbank.com/sites/default/files/hero-images/visa_card_security_8232022.jpg]
[www.afbank.com/personal/education/homeownership/buying-home.html]
[www.afbank.com/sites/default/files/hero-images/buying_a_home_8232022.jpg]
[www.afbank.com/personal/education/homeownership/refinancing.html]
[www.afbank.com/sites/default/files/hero-images/refinancing_8232022.jpg]
[www.afbank.com/sites/default/files/hero-images/va_loan_guide_8232022.jpg]
[www.afbank.com/personal/education/homeownership/va-loan-guide.html]
[www.afbank.com/personal/education/homeownership/fixed-v-adjustable-rates.html]
[www.afbank.com/sites/default/files/hero-images/fixed_v_adjustable_rates_8232022.jpg]
[www.afbank.com/personal/blog/save-retirement-armed-forces-bank-certificate-deposit-ira.html]
[www.afbank.com/blog/personal/savings-&-budgeting.html]
[www.afbank.com/sites/default/files/blog/rewards-save_blog_11-4-2022_tiny.png]
[www.afbank.com/blog/tags/cd.html]
[www.afbank.com/sites/default/files/blog/cds-money-markets-blog_10-11-2022.png]
[www.afbank.com/sites/default/files/blog/afbblog090721tny.png]
[www.afbank.com/blog/tags/certificate-of-deposit.html]
[www.afbank.com/blog/tags/save-for-retirement.html]
[www.afbank.com/blog/tags/save.html]
[www.afbank.com/personal/blog/4-ways-prepare-holiday-season.html]
[www.afbank.com/blog/tags/holiday-shopping.html]
[www.afbank.com/blog/tags/holiday.html]
[www.afbank.com/sites/default/files/blog/afbblog012422.png]
[www.afbank.com/blog/tags/budgeting.html]
[www.afbank.com/sites/default/files/blog/afbnewyear.jpg]
[www.afbank.com/blog/tags/access-loan.html]
[www.afbank.com/sites/default/files/blog/afbblog081222.png]
[www.afbank.com/sites/default/files/blog/afb051322.png]
[www.afbank.com/personal/blog/2022-military-holiday-spending-survey.html]
[www.afbank.com/blog/commercial/military-family.html]
[www.afbank.com/blog/tags/military-holiday-shopping-survey.html]
[www.afbank.com/sites/default/files/blog/afb_holidayinfographic_111921_-_2.png]
[www.afbank.com/blog2679.html]
[www.afbank.com/sites/default/files/blog/days_of_giving_blog_10142022.png]
[www.afbank.com/blog/personal/financial-health.html]
[www.afbank.com/sites/default/files/blog/afbblog091522.png]
[www.afbank.com/sites/default/files/blog/afbblog080222.png]
[www.afbank.com/sites/default/files/blog/afbblog050322.png]
[www.afbank.com/blog/personal/home-&-mortgage.html]
[www.afbank.com/sites/default/files/blog/afbblog090622.png]
[www.afbank.com/sites/default/files/blog/afbblog060322.png]
[www.afbank.com/sites/default/files/blog/afbblog042022.png]
[www.afbank.com/sites/default/files/blog/afb_blog_120321.png]
[www.afbank.com/sites/default/files/blog/afb_business_fraud_pic_11152021.png]
[www.afbank.com/blog/personal/security.html]
[www.afbank.com/sites/default/files/blog/afblog101321.png]
[www.afbank.com/blog/military/military-family.html]
[www.afbank.com/personal/accounts/new-recruit/POST.html]
[www.afbank.com/personal/accounts/mobile-banking/mobile-app/index.html]
[www.afbank.com/personal/accounts/cash2debit.html]
[www.afbank.com/sites/default/files/hero-images/ciatc_landing_pageresized.png]
[www.afbank.com/personal/accounts/POST.html]
[www.afbank.com/personal/accounts/zelle®/send-money-zelle®.html]
[www.afbank.com/sites/default/files/hero-images/zelle3.png]
[www.afbank.com/sites/default/files/cta-images/Zelle_Standard_Logo_Lockup_Generator_03202020AFB.jpg]
[www.afbank.com/sites/default/files/css/css_I9EDtXYHLncE9uFU7CH9DbG0ezB7XYlyrGzduLdr8oA.css]
[www.afbank.com/personal/accounts/savings/POST.html]
[www.afbank.com/personal/credit-cards/POST.html]
[www.afbank.com/personal/accounts/checking/POST.html]
[www.afbank.com/personal/accounts/checking/elite-checking-account/index.html]
[www.afbank.com/personal/accounts/checking/select-checking-account/index.html]
[www.afbank.com/personal/accounts/checking/simple-checking-account/index.html]
[www.afbank.com/personal/accounts/checking/student-checking-account/index.html]
[www.afbank.com/sites/default/files/hero-images/afb_bank_on_-_landing_page_020422.png]
[www.afbank.com/sites/default/files/paragraph-images/safe_spending-banner-AFB-04152022.png]
[www.afbank.com/personal/accounts/checking/safe-spending-account.html]
[www.afbank.com/personal/education/understanding-finances/POST.html]
[www.afbank.com/personal/loans/personal-loans/express-loan.html]
[www.afbank.com/sites/default/files/hero-images/express_loan_2020.png]
[www.afbank.com/personal/loans/secured-personal-loans/POST.html]
[www.afbank.com/personal/loans/home-equity-loans/POST.html]
[www.afbank.com/sites/default/files/css/css_eQ2fHbwXirJeTt8BPkBnqUOK7dBT-H-GAZBocTEdKDw.css]
[www.afbank.com/personal/loans/mortgages/POST.html]
[www.afbank.com/personal/education/homeownership/refinancing/index.html]
[www.afbank.com/help-center/loans-mortgages/mortgages/index.html]
[www.afbank.com/sites/default/files/js/js_2begaBvq6Pv_JDvVGaB4oV0aFD7wtsetsC4fEocVFBg.js]
[www.afbank.com/mortgage-loan-officer/permanent-b0b701/assets/images/afb_favicon.bac2b4e0.ico]
[www.afbank.com/mortgage-loan-officer/permanent-b0b701/i18nBundle_en_es5.140a3de3.js]
[www.afbank.com/mortgage-loan-officer/permanent-b0b701/i18nBundle_en_es6.e0061505.js]
[www.afbank.com/mortgage-loan-officer/permanent-b0b701/node_modules_es6/primary/answers/index_es6/primary/cityList/index_es6/primary/financialProfessional/_a3b82664.38bd8251.js]
[www.afbank.com/mortgage-loan-officer/permanent-b0b701/node_modules_es6/primary/answers/index_es6/primary/cityList/index_es6/primary/financialProfessional/_3837efd3.1bf4cedc.js]
[www.afbank.com/mortgage-loan-officer/permanent-b0b701/assets/images/swoosh-sm.11f4abdf.png]
[www.afbank.com/mortgage-loan-officer/permanent-b0b701/assets/images/afbank-icon.bac2b4e0.png]
[www.afbank.com/mortgage-loan-officer/permanent-b0b701/es6/www.afbank.com/financialProfessional/index.c55dd9bf.js]
[www.afbank.com/mortgage-loan-officer/permanent-b0b701/node_modules_es5/primary/answers/index_es5/primary/cityList/index_es5/primary/financialProfessional/_383e0d37.ebf5c842.js]
[www.afbank.com/mortgage-loan-officer/permanent-b0b701/node_modules_es5/primary/answers/index_es5/primary/cityList/index_es5/primary/financialProfessional/_af44ca0f.6e872b59.js]
[www.afbank.com/mortgage-loan-officer/permanent-b0b701/es5/www.afbank.com/financialProfessional/index.d176c7b9.js]
[www.afbank.com/mortgage-loan-officer/paul-abair.html]
[www.afbank.com/mortgage-loan-officer/melanie-aguto.html]
[www.afbank.com/mortgage-loan-officer/doug-bowdish.html]
[www.afbank.com/mortgage-loan-officer/tom-byrd.html]
[www.afbank.com/mortgage-loan-officer/nancy-carter.html]
[www.afbank.com/mortgage-loan-officer/gina-cockman.html]
[www.afbank.com/mortgage-loan-officer/nate-crow.html]
[www.afbank.com/mortgage-loan-officer/manny-garza.html]
[www.afbank.com/mortgage-loan-officer/brian-hall.html]
[www.afbank.com/mortgage-loan-officer/todd-hart.html]
[www.afbank.com/mortgage-loan-officer/brad-hlavacek.html]
[www.afbank.com/mortgage-loan-officer/bernie-kalmus.html]
[www.afbank.com/mortgage-loan-officer/jesse-kangas.html]
[www.afbank.com/mortgage-loan-officer/doug-krueger.html]
[www.afbank.com/mortgage-loan-officer/nate-lieser.html]
[www.afbank.com/mortgage-loan-officer/bryant-mateus.html]
[www.afbank.com/mortgage-loan-officer/brad-mccune.html]
[www.afbank.com/mortgage-loan-officer/matt-montgomery.html]
[www.afbank.com/mortgage-loan-officer/dave-muehlbauer.html]
[www.afbank.com/mortgage-loan-officer/chris-nahill.html]
[www.afbank.com/mortgage-loan-officer/ken-raboin.html]
[www.afbank.com/mortgage-loan-officer/ben-robinson.html]
[www.afbank.com/mortgage-loan-officer/david-rosenthal.html]
[www.afbank.com/mortgage-loan-officer/heather-schneider.html]
[www.afbank.com/mortgage-loan-officer/jay-schock.html]
[www.afbank.com/mortgage-loan-officer/mike-signorelli.html]
[www.afbank.com/mortgage-loan-officer/matthew-stokes.html]
[www.afbank.com/mortgage-loan-officer/mike-tompkins.html]
[www.afbank.com/mortgage-loan-officer/jim-wallace.html]
[www.afbank.com/mortgage-loan-officer/michelle-williams.html]
[www.afbank.com/modal/mortgage-service-guarantee.html]
[www.afbank.com/help-center/digital-banking/POST.html]
[www.afbank.com/help-center/index.html]
[www.afbank.com/search-results.html]
[www.afbank.com/business/POST.html]
[www.afbank.com/personal/blog/how-our-armed-forces-bank-access-rewards-checking-helps-you-save.html]
[www.afbank.com/personal/blog/certificates-deposit-cds-and-money-market-accounts-what-you-need-know.html]
[www.afbank.com/personal/blog/how-military-service-members-can-prepare-retirement.html]
[www.afbank.com/sites/default/files/blog/military_retirment_blog_photo_10-6-2022.png]
[www.afbank.com/blog/personal/savings-%26-budgeting/prepare-financial-emergencies-armed-forces-bank-savings-account.html]
[www.afbank.com/sites/default/files/blog/afbblog061622.png]
[www.afbank.com/blog/personal-banking/savings-%2526-budgeting/military-saves-month-financial-readiness-starts-savings.html]
[www.afbank.com/sites/default/files/blog/afbblog032922.png]
[www.afbank.com/blog/personal-banking/savings-%26-budgeting/three-types-savings-accounts-and-how-use-them.html]
[www.afbank.com/sites/default/files/blog/afb_blog072121.png]
[www.afbank.com/blog/personal-banking/savings-&-budgeting/4-steps-complete-mid-year-financial-checkup.html]
[www.afbank.com/sites/default/files/blog/afb041321.jpg]
[www.afbank.com/blog/personal-banking/savings&budgeting/april-financial-literacy-month-financial-readiness-starts-saving.html]
[www.afbank.com/sites/default/files/blog/taxrefundafb.png]
[www.afbank.com/blog/personal-banking/savings-%26-budgeting/how-use-your-2021-tax-refund.html]
[www.afbank.com/blog/personal-banking/savings-%-budgeting/5-financial-resolutions-2021.html]
[www.afbank.com/personal/blog/armed-forces-bank-fights-food-insecurity-“days-giving”.html]
[www.afbank.com/blog/military/military-family/financially-prepare-back-school-these-money-tips.html]
[www.afbank.com/blog/military/military-family/how-new-military-recruits-can-build-credit-armed-forces-bank-credit-builder-card.html]
[www.afbank.com/sites/default/files/blog/afblog071222.png]
[www.afbank.com/blog/military/military-family/4-unique-financial-gifts-high-school-or-college-graduates.html]
[www.afbank.com/sites/default/files/blog/afb061022.png]
[www.afbank.com/sites/default/files/blog/afblog060722.png]
[www.afbank.com/blog/military/military-family/manage-your-big-life-events-armed-forces-bank-military-access-loan.html]
[www.afbank.com/blog/military/military-family/how-va-loan-can-help-during-your-next-pcs-move.html]
[www.afbank.com/sites/default/files/blog/afbblog052622.png]
[www.afbank.com/sites/default/files/documents/move_checklist.pdf]
[www.afbank.com/blog/military/military-family/4-tips-planning-your-summer-travel-year.html]
[www.afbank.com/blog/military/military-family/how-were-celebrating-military-appreciation-month-2022-armed-forces-bank.html]
[www.afbank.com/sites/default/files/blog/afbblog051122.png]
[www.afbank.com/blog/personal/financial-health/honoring-military-spouses-military-spouse-appreciation-day.html]
[www.afbank.com/sites/default/files/blog/afbblog050522.png]
[www.afbank.com/sites/default/files/paragraph-images/afbcrest050522.png]
[www.afbank.com/sites/default/files/blog/afbblog020922.png]
[www.afbank.com/blog/military-lifestyle/military-family/transitioning-civilian-life-financial-planning-considerations.html]
[www.afbank.com/blog/military-lifestyle/military-family/transitioning-civilian-life-networking-mentorship-and-new-skills.html]
[www.afbank.com/sites/default/files/blog/afbblog012722.png]
[www.afbank.com/blog/military-lifestyle/military-family/planning-ahead-when-making-transition-civilian-life.html]
[www.afbank.com/sites/default/files/blog/afb_blog_122021.png]
[www.afbank.com/blog/military-lifestyle/military-family/2021-military-holiday-spending-survey.html]
[www.afbank.com/blog/military-lifestyle/military-family/november-military-family-appreciation-month.html]
[www.afbank.com/sites/default/files/blog/afb_blog_111421.png]
[www.afbank.com/blog/military-lifestyle/military-family/honoring-our-military-veterans-day-and-all-year-long.html]
[www.afbank.com/sites/default/files/blog/afb_blog_110421.png]
[www.afbank.com/blog/military-lifestyle/military-family/back-school-banking-tips-new-recruits-college-students.html]
[www.afbank.com/sites/default/files/blog/afbblog090221.png]
[www.afbank.com/blog/military-lifestyle/military-family/back-school-tips-military-kids-changing-schools.html]
[www.afbank.com/sites/default/files/blog/afbblog081321tiny.png]
[www.afbank.com/blog/military-lifestyle/military-family/learn-about-armed-forces-banks-role-new-fort-leavenworth-school.html]
[www.afbank.com/sites/default/files/blog/afbblog081121_tnypng.jpg]
[www.afbank.com/blog/military-lifestyle/military-family/best-ways-get-money-your-college-student.html]
[www.afbank.com/sites/default/files/blog/afb_blog080521.png]
[www.afbank.com/blog/military-lifestyle/military-family/armed-forces-bank-training-industry-program.html]
[www.afbank.com/sites/default/files/blog/afbblog072621.png]
[www.afbank.com/sites/default/files/blog/janae072721.jpg]
[www.afbank.com/sites/default/files/blog/cpt_jose_rivera.jpg]
[www.afbank.com/blog/may-military-appreciation-month-how-were-celebrating.html]
[www.afbank.com/sites/default/files/blog/afbblog051421a.png]
[www.afbank.com/sites/default/files/paragraph-images/afb_pic2.jpg]
[www.afbank.com/blog/military-lifestyle/military-family/april-month-military-child.html]
[www.afbank.com/sites/default/files/blog/afbblog040821.png]
[www.afbank.com/blog/personal/financial-health/introducing-new-armed-forces-bank-access-rewards-checking-account.html]
[www.afbank.com/sites/default/files/paragraph-images/afb_blog_9162022.jpg]
[www.afbank.com/blog/personal-banking/financial-health/inflation-vs-recession-whats-difference.html]
[www.afbank.com/blog/financial-health/learn-how-become-true-diversity-advocate-dr-andrea-hicks-diversity-thought-leader.html]
[www.afbank.com/blog/financial-health/honoring-ourselves-and-diverse-dimensions-others-dr-andrea-hendricks-dei-thought.html]
[www.afbank.com/sites/default/files/blog/afbblog042222.jpg]
[www.afbank.com/blog/financial-health/financial-health/why-focus-diversity-and-inclusion-banking-or-business-so-important.html]
[www.afbank.com/sites/default/files/blog/afbblog041822.png]
[www.afbank.com/blog/financial-health/financial-health/message-diversity-thought-leader-dr-andrea-hendricks.html]
[www.afbank.com/sites/default/files/blog/afbblog041122.png]
[www.afbank.com/sites/default/files/blog/afbblog040622.png]
[www.afbank.com/blog/personal-banking/savings-%252526-budgeting/work-toward-your-financial-goals-checking-and-savings-accounts.html]
[www.afbank.com/blog/personal/financial-health/womens-history-month-five-financial-leaders-know.html]
[www.afbank.com/sites/default/files/blog/afbblog032122.png]
[www.afbank.com/sites/default/files/blog/afbblog030722.png]
[www.afbank.com/blog/personal/financial-health/consolidate-debt-armed-forces-bank-access-military-loan.html]
[www.afbank.com/blog/personal/financial-health/5-ways-use-your-tax-refund-year.html]
[www.afbank.com/sites/default/files/blog/afbblog030122.png]
[www.afbank.com/blog/personal/financial-health/review-your-financial-knowledge-during-financial-wellness-month.html]
[www.afbank.com/blog/personal-banking/financial-health/should-you-keep-your-credit-utilization-30-or-below.html]
[www.afbank.com/sites/default/files/blog/afb_blog_011022.png]
[www.afbank.com/sites/default/files/blog/afblog102021.png]
[www.afbank.com/blog/personal-banking/financial-health/how-military-access-loan-can-help-you-shop-holiday-season.html]
[www.afbank.com/sites/default/files/blog/afbblog_ctc2_06.28.21.jpg]
[www.afbank.com/blog/personal-banking/financial-health/make-most-your-child-tax-credit-armed-forces-bank.html]
[www.afbank.com/blog/personal-banking/savings/unique-financial-gifts-for-2021.html]
[www.afbank.com/sites/default/files/blog/uniquefinancialgifst_05182021.png_.jpg]
[www.afbank.com/blog/personal-banking/financial-health/armed-forces-bank-digital-banking-account-security-features.html]
[www.afbank.com/sites/default/files/blog/afbblog050421.png]
[www.afbank.com/sites/default/files/alert-docs/afb_-_account_alerts_3.pdf]
[www.afbank.com/sites/default/files/documents/how_to_reset_your_password.pdf]
[www.afbank.com/blog/personal-banking/financial-health/convenience-mobile-deposit-armed-forces-bank.html]
[www.afbank.com/sites/default/files/blog/afb_dig2.jpg]
[www.afbank.com/sites/default/files/blog/armed-forces-lifestyle-stimulus.png]
[www.afbank.com/blog/personal-banking/financial-health/seven-ways-use-your-third-stimulus-check.html]
[www.afbank.com/blog/personal-banking/financial-health/review-steps-to-know-when-your-third-stimulus-check-arrives.html]
[www.afbank.com/sites/default/files/blog/stimulusblog.png]
[www.afbank.com/blog/personal-banking/financial-health/build-your-credit-see-how-credit-builder-helps.html]
[www.afbank.com/sites/default/files/blog/afb_credit_builder.png]
[www.afbank.com/blog/personal-banking/financial-health/transfer-money-armed-forces-bank-digital-banking.html]
[www.afbank.com/sites/default/files/blog/afb_transfer.png]
[www.afbank.com/sites/default/files/blog/afb_lending.png]
[www.afbank.com/blog/personal-banking/financial-health/unsecured-military-loans-what-you-need-know.html]
[www.afbank.com/blog/personal-banking/financial-health/7-ways-you-can-help-support-small-businesses-during-covid.html]
[www.afbank.com/sites/default/files/blog/afb_chic2.jpg]
[www.afbank.com/blog/personal/home-%26-mortgage/how-prepare-your-pcs-move-and-how-va-loan-can-help.html]
[www.afbank.com/blog/personal/home-%26-mortgage/how-heloc-can-help-homeowners-leverage-growing-equity.html]
[www.afbank.com/blog/HELOC/5-small-home-improvements-armedforces-bank.html]
[www.afbank.com/blog/personal-banking/home-mortgage/mortgage-interest-rates-2022-it-too-late-buy-or-refinance.html]
[www.afbank.com/sites/default/files/blog/afbblog022322.png]
[www.afbank.com/sites/default/files/blog/afblog100521.png]
[www.afbank.com/blog/personal-banking/home-mortgage/honoring-our-first-responders-hero-loans.html]
[www.afbank.com/blog/personal-banking/home-mortgage/6-tips-help-mortgage-process.html]
[www.afbank.com/sites/default/files/blog/afbmorgage_blog_091721_2_-_compressed.png]
[www.afbank.com/blog/personal-banking/home-mortgage/how-military-access-loan-can-help-pcs-moves.html]
[www.afbank.com/sites/default/files/blog/afb_blog_pcsmove_07.06.21.jpg]
[www.afbank.com/blog/personal-banking/digital-banking/consider-a-refinance-or-HELOC-for-extra-funds-during-COVID-19.html]
[www.afbank.com/sites/default/files/blog/afb_heloc-blog_05.26.21.jpg]
[www.afbank.com/blog/personal-banking/home-mortgage/what-home-equity-line-credit-heloc.html]
[www.afbank.com/sites/default/files/blog/afb_heloc_apr21_fdic_ehl_002.png]
[www.afbank.com/blog/personal-banking/home-mortgage/how-va-loan-can-help-you-purchase-or-refinance-your-home.html]
[www.afbank.com/sites/default/files/blog/afbvaloan_member_fdic_ehl_002.png]
[www.afbank.com/sites/default/files/blog/ehl_firefighter.png]
[www.afbank.com/blog/personal-banking/home-mortgage.html]
[www.afbank.com/blog/personal/security/5-tips-help-keep-holidays-safe.html]
[www.afbank.com/blog/personal-banking/security/how-can-you-protect-yourself-against-business-fraud.html]
[www.afbank.com/blog/personal-banking/security/stay-safe-online-these-cybersecurity-tips.html]
[www.afbank.com/sites/default/files/js/js_exrngm1Er14t2VbX80bJVFYQLsnWBPkdOZpRd6fXxSo.js]
[www.afbank.com/modal/first-time-login-instructions-1.html]
[www.afbank.com/modal/account-details-history.html]
[www.afbank.com/modal/home-page.html]
[www.afbank.com/modal/funds-transfer.html]
[www.afbank.com/modal/online-activity.html]
[www.afbank.com/modal/online-alerts.html]
[www.afbank.com/modal/secure-messages.html]
[www.afbank.com/modal/account-labels.html]
[www.afbank.com/modal/ach-file-import.html]
[www.afbank.com/modal/batch-wire-upload.html]
[www.afbank.com/modal/commercial-payments-0.html]
[www.afbank.com/modal/ach-templates.html]
[www.afbank.com/modal/commercial-user-management.html]
[www.afbank.com/modal/information-reporting.html]
[www.afbank.com/modal/multi-transfer.html]
[www.afbank.com/modal/recipient-management.html]
[www.afbank.com/modal/recipient-upload.html]
[www.afbank.com/modal/split-payments.html]
[www.afbank.com/modal/tax-payments.html]
[www.afbank.com/modal/user-management.html]
[www.afbank.com/modal/user-roles.html]
[www.afbank.com/business/accounts/community-banking/POST.html]
[www.afbank.com/business/business-services.html]
[www.afbank.com/sites/default/files/hero-images/business_services_0.png]
[www.afbank.com/sites/all/themes/afb/img/feature-icons/benefits/icon-analysis.png]
[www.afbank.com/sites/default/files/css/css_cs6n4nYhFi8qL-Rqpt1FaA-44m0oDx4P9y55pAb3v4I.css]
[www.afbank.com/sites/all/themes/afb/img/feature-icons/benefits/icon-productivity.png]
[www.afbank.com/sites/all/themes/afb/img/feature-icons/benefits/icon-secure.png]
[www.afbank.com/sites/all/themes/afb/img/feature-icons/benefits/icon-fraud-protection.png]
[www.afbank.com/sites/default/files/cta-images/merchant.jpg]
[www.afbank.com/sites/default/files/js/js_pr1NIkGhwHPJW9JtOZJAYNhM2coO5lZ6gu8TyIrURZ4.js]
[www.afbank.com/forms/POST.html]
[www.afbank.com/sites/default/files/js/js_gcgsv9036mkr2ymZgmKh_Uzh4KwHOaEjY9Qgbjo98rM.js]
[www.afbank.com/locations/al/POST.html]
[www.afbank.com/locations/permanent-b0b701/assets/images/ATM-icon.d93c1a70.svg]
[www.afbank.com/locations/al/fort-rucker/6600-andrews-ave-142atm.html]
[www.afbank.com/locations/al/fort-rucker/6600-andrews-ave-143atm.html]
[www.afbank.com/locations/permanent-b0b701/assets/images/teaser-logo-armedforces.35e4934f.svg]
[www.afbank.com/locations/al/fort-rucker/9027-ruf-ave.html]
[www.afbank.com/locations/al/fort-rucker/9207-5th-ave.html]
[www.afbank.com/locations/al/fort-rucker/9214-hutton-plaza.html]
[www.afbank.com/locations/index-2.html]
[www.afbank.com/locations/al.html]
[www.afbank.com/locations/ga/POST.html]
[www.afbank.com/locations/ga/moody-afb/4343-george-st-bldg-904.html]
[www.afbank.com/locations/ga/moody-afb/7277-robbins-rd.html]
[www.afbank.com/locations/ga.html]
[www.afbank.com/locations/il/POST.html]
[www.afbank.com/locations/il/great-lakes/2819-spaulding-st.html]
[www.afbank.com/locations/il/great-lakes/3452-greenbay-rd.html]
[www.afbank.com/locations/il/great-lakes/400-ntc-nex-2120-sampson-st.html]
[www.afbank.com/locations/il/great-lakes/540-culverius-st.html]
[www.afbank.com/locations/il.html]
[www.afbank.com/locations/ky/POST.html]
[www.afbank.com/locations/ky/fort-knox/127-gold-vault-rd.html]
[www.afbank.com/locations/ky/fort-knox/131-gold-vault-road.html]
[www.afbank.com/locations/ky/fort-knox/2013-eisenhower-rd.html]
[www.afbank.com/locations/ky/fort-knox/4992-chafee-ave.html]
[www.afbank.com/locations/ky/fort-knox/708-spearhead.html]
[www.afbank.com/locations/ky/fort-knox/933-gold-vault-rd.html]
[www.afbank.com/locations/ky.html]
[www.afbank.com/locations/mo/POST.html]
[www.afbank.com/locations/mo/fort-leonard-wood/1026-artillery-circle-rd.html]
[www.afbank.com/locations/mo/fort-leonard-wood/150-missouri-ave.html]
[www.afbank.com/locations/mo/fort-leonard-wood/150-south-dakota-ave.html]
[www.afbank.com/locations/mo/fort-leonard-wood/1711-cooley-ave.html]
[www.afbank.com/locations/mo/fort-leonard-wood/484-nebraska-ave.html]
[www.afbank.com/locations/mo/fort-leonard-wood/487-replacement-ave.html]
[www.afbank.com/locations/mo/fort-leonard-wood/490-north-dakota-ave.html]
[www.afbank.com/locations/mo/fort-leonard-wood/607-iowa-ave.html]
[www.afbank.com/locations/mo/fort-leonard-wood/6925-colorado-ave.html]
[www.afbank.com/locations/mo/fort-leonard-wood/804-iowa-ave.html]
[www.afbank.com/locations/mo.html]
[www.afbank.com/locations/nv/POST.html]
[www.afbank.com/locations/nv/nellis-afb/4200-mountain-home.html]
[www.afbank.com/locations/nv/nellis-afb/4325-n-washington-blvd.html]
[www.afbank.com/locations/nv/nellis-afb/5691-rickenbacker-rd.html]
[www.afbank.com/locations/nv/nellis-afb/5694-rickenbacker-rd.html]
[www.afbank.com/locations/nv.html]
[www.afbank.com/locations/tx/POST.html]
[www.afbank.com/locations/tx/fort-bliss/11284-luke-st.html]
[www.afbank.com/locations/tx/fort-bliss/1333-cassidy-rd.html]
[www.afbank.com/locations/tx/fort-bliss/13471-sgt-major-blvd-biggs-150atm.html]
[www.afbank.com/locations/tx/fort-bliss/13471-sgt-major-blvd-biggs-151atm.html]
[www.afbank.com/locations/tx/fort-bliss/1611-marshall-rd.html]
[www.afbank.com/locations/tx/fort-bliss/1617-pleasanton-rd-ste-g-109.html]
[www.afbank.com/locations/tx/fort-bliss/1717-marshall-rd.html]
[www.afbank.com/locations/tx/fort-bliss/21233-torch-st.html]
[www.afbank.com/locations/tx/fort-bliss/4116-gerlinche.html]
[www.afbank.com/locations/tx/fort-bliss/5001-jeb-stewart-rd.html]
[www.afbank.com/locations/tx.html]
[www.afbank.com/locations/permanent-b0b701/assets/images/add.264dacf2.svg]
[www.afbank.com/locations/permanent-b0b701/assets/images/remove.910a8c0a.svg]
[www.afbank.com/locations/permanent-b0b701/assets/images/alert.9c250791.svg]
[www.afbank.com/locations/wy/cheyenne/POST.html]
[www.afbank.com/locations/wy.html]
[www.afbank.com/locations/wy/cheyenne.html]
[www.afbank.com/help-center/access-rewards-checking-account/POST.html]
[www.afbank.com/help-center/access-rewards-checking-account/buyers-protection-and-extended-warranty-debit-advantage®-2.html]
[www.afbank.com/help-center/checking-savings-accounts/POST.html]
[www.afbank.com/personal/education/managing-accounts/overdraft-alternatives/index.html]
[www.afbank.com/help-center/credit-cards/POST.html]
[www.afbank.com/help-center/deaf-or-hard-hearing-clients/POST.html]
[www.afbank.com/help-center/digital-banking-mobile-banking/POST.html]
[www.afbank.com/help-center/loans-mortgages/POST.html]
[www.afbank.com/help-center/mobile-banking/POST.html]
[www.afbank.com/help-center/security/POST.html]
[www.afbank.com/help-center/zelle®/general-questions-2.html]
[www.afbank.com/help-center/zelle®/POST.html]
[www.afbank.com/podcast/POST.html]
[www.afbank.com/podcast/militarily-speaking-ep-12-talk-andia-dinesen-amba.html]
[www.afbank.com/media/category/POST.html]
[www.afbank.com/media/category/podcasts2679.html]
[www.afbank.com/locations/ks/fort-leavenworth/320-kansas-ave.html]
[www.afbank.com/locations/co/fort-carson/6384-wetzel-ave.html]
[www.afbank.com/locations/va/fort-myer/108-mcnair-rd.html]
[www.afbank.com/locations/ca/fort-irwin/building-37-inner-loop-road.html]
[www.afbank.com/locations/az/fort-huachuca/arizona-st.html]
[www.afbank.com/locations/wa/joint-base-lewis-mcchord/n-12th-st.html]
[www.afbank.com/podcast/militarily-speaking-ep-3-armed-services-ymca-tim-ney.html]
[www.afbank.com/podcast/militarily-speaking-ep-17-wreaths-across-america-michelle-cebe.html]
[www.afbank.com/locations/az/luke-afb/13877-w-thunderbird.html]
[www.afbank.com/locations/ca/travis-afb/350-hickam-ave.html]
[www.afbank.com/locations/ny/fort-drum/10730a-enduring-freedom-blvd.html]
[www.afbank.com/locations/ks/fort-riley/5303-morelock-st.html]
[www.afbank.com/media/press-release/army-spouse-launches-first-community-food-pantry-fort-leavenworth-military-families-face-food.html]
[www.afbank.com/podcast/militarily-speaking-podcast-episode-16.html]
[www.afbank.com/media4658.html]
[www.afbank.com/media/in-the-news/business-better-world-armed-forces-bank.html]
[www.afbank.com/sites/default/files/media-post/biz_for_a_better_world_-11022022.jpg]
[www.afbank.com/media/in-the-news/biz-buzz-travis-afb-bank-receives-national-honor-daily-republic-staff.html]
[www.afbank.com/media/in-the-news/travis-financial-institution-honored-air-force-the-reporter.html]
[www.afbank.com/media/category/in-the-news2679.html]
[www.afbank.com/media/press-release/armed-forces-bank-named-distinguished-bank-year-11-last-12-years-also-awarded-military-saves-designation-of-saving-excellence.html]
[www.afbank.com/media/press-release.html]
[www.afbank.com/media/armed-forces-bank-and-us-army-working-together-employ-veterans.html]
[www.afbank.com/media/press-release/armed-forces-bank-and-u.s.html]
[www.afbank.com/media/category/press-releases2679.html]
[www.afbank.com/personal/education/managing-accounts/POST.html]
[www.afbank.com/privacy-policy/index.html]
[www.afbank.com/personal/education/banking-safely-securely/POST.html]
[www.afbank.com/personal/education/homeownership/POST.html]
[www.afbank.com/personal/education/va-loan-guide/va-loan-refinance-options.html]
[www.afbank.com/sites/default/files/hero-images/va_loan_guide_-_landing_page_0.png]
[www.afbank.com/personal/education/va-loan-guide/eligibility-requirements-0.html]
[www.afbank.com/sites/default/files/hero-images/va_loan_guide_-_landing_page_1.png]
[www.afbank.com/personal/education/va-loan-guide/certificate-eligibility-0.html]
[www.afbank.com/sites/default/files/hero-images/va_loan_guide_1.png]
[www.afbank.com/personal/education/va-loan-guide/credit-income-qualifications-0.html]
[www.afbank.com/sites/default/files/hero-images/va_loan_guide_-_landing_page_3.png]
[www.afbank.com/personal/education/va-loan-guide/property-requirements-0.html]
[www.afbank.com/sites/default/files/hero-images/va_loan_guide_-_landing_page_4.png]
[www.afbank.com/personal/education/va-loan-guide/down-payment-closing-costs-0.html]
[www.afbank.com/sites/default/files/hero-images/va_loan_guide_-_landing_page_5.png]
[www.afbank.com/personal/blog/POST.html]
[www.afbank.com/personal/accounts/savings/certificate-deposit-ira.html]
[www.afbank.com/sites/default/files/hero-images/ira-hero.jpg]
[www.afbank.com/blog/personal/POST.html]
[www.afbank.com/blog/tags/military-family.html]
[www.afbank.com/blog/tags/access-rewards-checking.html]
[www.afbank.com/blog/personal/savings-&-budgeting2679.html]
[www.afbank.com/blog/tags/POST.html]
[www.afbank.com/blog/tags/money-market.html]
[www.afbank.com/blog/tags/saving.html]
[www.afbank.com/blog/tags/savings-account.html]
[www.afbank.com/blog/tags/financial-wellness.html]
[www.afbank.com/blog/tags/financial-literacy.html]
[www.afbank.com/blog/tags/credit-usage.html]
[www.afbank.com/blog/tags/investing.html]
[www.afbank.com/blog/tags/savings.html]
[www.afbank.com/blog/tags/financial-tips.html]
[www.afbank.com/blog/tags/military-personal-loan.html]
[www.afbank.com/blog/tags/back-to-school.html]
[www.afbank.com/blog/tags/summer-travel.html]
[www.afbank.com/blog/tags/access-loan2679.html]
[www.afbank.com/blog/commercial/POST.html]
[www.afbank.com/blog/commercial/military-family2679.html]
[www.afbank.com/blog/tags/holiday-shopping-survey.html]
[www.afbank.com/blog/tags/days-of-giving.html]
[www.afbank.com/blog/tags/food-insecurity.html]
[www.afbank.com/blog/tags/giving-back.html]
[www.afbank.com/blog4658.html]
[www.afbank.com/blog/tags/rewards-checking.html]
[www.afbank.com/blog/tags/rewards.html]
[www.afbank.com/blog/tags/inflation.html]
[www.afbank.com/blog/tags/recession.html]
[www.afbank.com/blog/tags/diversity.html]
[www.afbank.com/blog/tags/inclusion.html]
[www.afbank.com/blog/tags/equity.html]
[www.afbank.com/blog/tags/deib.html]
[www.afbank.com/blog/personal/financial-health2679.html]
[www.afbank.com/blog/tags/va-loan.html]
[www.afbank.com/blog/tags/pcs-move.html]
[www.afbank.com/blog/tags/va-mortgage-loan.html]
[www.afbank.com/blog/tags/home-equity-line-of-credit.html]
[www.afbank.com/blog/tags/home-improvment.html]
[www.afbank.com/blog/tags/heloc.html]
[www.afbank.com/blog/personal/home-&-mortgage2679.html]
[www.afbank.com/blog/tags/avoid-business-fraud.html]
[www.afbank.com/blog/tags/business-banking.html]
[www.afbank.com/blog/tags/business-fraud.html]
[www.afbank.com/blog/military/POST.html]
[www.afbank.com/blog/military/military-family2679.html]
[www.afbank.com/personal/accounts/zelle®/send-money-zelle®-2.html]
[www.afbank.com/personal/accounts/zelle®/POST.html]
[www.afbank.com/personal/loans/personal-loans/POST.html]
[www.afbank.com/mortgage-loan-officer/permanent-b0b701/assets/images/add.264dacf2.svg]
[www.afbank.com/mortgage-loan-officer/permanent-b0b701/assets/images/remove.910a8c0a.svg]
[www.afbank.com/mortgage-loan-officer/permanent-b0b701/assets/images/chevron-red.3bfb08d2.svg]
[www.afbank.com/mortgage-loan-officer/permanent-b0b701/assets/images/pin-icon-red.09ac45b9.svg]
[www.afbank.com/mortgage-loan-officer/permanent-b0b701/assets/images/pin-icon-green.21dad853.svg]
[www.afbank.com/mortgage-loan-officer/permanent-b0b701/assets/images/phone-icon-red.63cc3a4f.svg]
[www.afbank.com/mortgage-loan-officer/permanent-b0b701/assets/images/phone-icon-green.7815207c.svg]
[www.afbank.com/mortgage-loan-officer/permanent-b0b701/assets/images/email-icon-red.018475c0.svg]
[www.afbank.com/mortgage-loan-officer/permanent-b0b701/assets/images/email-icon-green.a9dd4509.svg]
[www.afbank.com/mortgage-loan-officer/permanent-b0b701/assets/images/bank-icon.0409cbec.svg]
[www.afbank.com/mortgage-loan-officer/POST.html]
[www.afbank.com/mortgage-loan-officer/permanent-b0b701/assets/images/header-chevron.b7de887c.svg]
[www.afbank.com/mortgage-loan-officer/permanent-b0b701/assets/images/facebook-red.cf0d15e7.svg]
[www.afbank.com/mortgage-loan-officer/permanent-b0b701/assets/images/linkedin-blue.fb3d0ad2.svg]
[www.afbank.com/mortgage-loan-officer/index.html]
[www.afbank.com/modal/POST.html]
[www.afbank.com/blog/personal/savings-%26-budgeting/POST.html]
[www.afbank.com/saving-cents.html]
[www.afbank.com/blog/personal-banking/savings-%2526-budgeting/POST.html]
[www.afbank.com/blog/personal-banking/savings-%26-budgeting/POST.html]
[www.afbank.com/blog/personal-banking/savings-&-budgeting/POST.html]
[www.afbank.com/blog/personal-banking/savings&budgeting/POST.html]
[www.afbank.com/blog/personal-banking/savings-%-budgeting/POST.html]
[www.afbank.com/personal/blog/armed-forces-bank-fights-food-insecurity-“days-giving”-2.html]
[www.afbank.com/blog/military/military-family/POST.html]
[www.afbank.com/message-your-appreciation/a-million-thanks.html]
[www.afbank.com/sites/default/files/hero-images/a_million_thanks_banner_1366x320_05.06.21.png]
[www.afbank.com/blog/personal/financial-health/POST.html]
[www.afbank.com/blog/military-lifestyle/military-family/POST.html]
[www.afbank.com/blog/POST.html]
[www.afbank.com/blog/personal-banking/financial-health/POST.html]
[www.afbank.com/blog/financial-health/POST.html]
[www.afbank.com/blog/financial-health/financial-health/POST.html]
[www.afbank.com/blog/personal-banking/savings-%252526-budgeting/POST.html]
[www.afbank.com/sites/default/files/hero-images/afb_c1.png]
[www.afbank.com/personal/accounts/checking-child-tax-credits.html]
[www.afbank.com/sites/default/files/cta-images/7.png]
[www.afbank.com/blog/personal-banking/savings/POST.html]
[www.afbank.com/digitalwallet.html]
[www.afbank.com/sites/default/files/hero-images/landing_page_banner_-_digital_wallet_resized_002.png]
[www.afbank.com/sites/default/files/blog/afb_apple_pay_-_landing_page_002_0.png]
[www.afbank.com/sites/default/files/blog/afb_google_pay_-_landing_page_shadow_0.png]
[www.afbank.com/blog/personal/home-%26-mortgage/POST.html]
[www.afbank.com/blog/HELOC/POST.html]
[www.afbank.com/blog/personal-banking/home-mortgage/POST.html]
[www.afbank.com/blog/personal-banking/digital-banking/POST.html]
[www.afbank.com/forms/home-equity-line-credit-agreement.html]
[www.afbank.com/blog/personal-banking/POST.html]
[www.afbank.com/blog/personal/security/POST.html]
[www.afbank.com/blog/personal-banking/security/POST.html]
[www.afbank.com/business/borrowing/index.html]
[www.afbank.com/business/accounts/index.html]
[www.afbank.com/locations/al/fort-rucker/POST.html]
[www.afbank.com/locations/permanent-b0b701/assets/images/247.2530a136.svg]
[www.afbank.com/locations/permanent-b0b701/assets/images/driveThru.86145ab0.svg]
[www.afbank.com/locations/permanent-b0b701/assets/images/instantIssue.450a7a30.svg]
[www.afbank.com/locations/ga/moody-afb/POST.html]
[www.afbank.com/locations/il/great-lakes/POST.html]
[www.afbank.com/locations/ky/fort-knox/POST.html]
[www.afbank.com/locations/mo/fort-leonard-wood/POST.html]
[www.afbank.com/locations/nv/nellis-afb/POST.html]
[www.afbank.com/locations/ny/fort-drum]
[www.afbank.com/locations/tx/fort-bliss/POST.html]
[www.afbank.com/locations/wy/POST.html]
[www.afbank.com/help-center/zelle®/POST-2.html]
[www.afbank.com/podcast/militarily-speaking-ep-2-military-saves-kia-mccallister-young.html]
[www.afbank.com/podcast/militarily-speaking-podcast-episode-15-The-Military-Wallet-with-Brittany-Crocker.html]
[www.afbank.com/media/category/podcasts4658.html]
[www.afbank.com/locations/ks/fort-leavenworth/POST.html]
[www.afbank.com/locations/ks/fort-leavenworth.html]
[www.afbank.com/locations/ks/fort-leavenworth/330-kansas-ave.html]
[www.afbank.com/locations/ks/fort-leavenworth/310-kansas-ave.html]
[www.afbank.com/locations/ks/fort-leavenworth/335-kansas-ave.html]
[www.afbank.com/locations/ks/fort-leavenworth/100-stimpson-ave.html]
[www.afbank.com/locations/co/fort-carson/POST.html]
[www.afbank.com/locations/co/fort-carson.html]
[www.afbank.com/locations/co/fort-carson/1510-chiles-ave.html]
[www.afbank.com/locations/co/fort-carson/6110-martinez-st.html]
[www.afbank.com/locations/co/fort-carson/1551-prussman.html]
[www.afbank.com/locations/co/fort-carson/3600-mcgrath-rd.html]
[www.afbank.com/locations/va/fort-myer/POST.html]
[www.afbank.com/locations/va/fort-myer.html]
[www.afbank.com/locations/va/fort-myer/523-carpenter-rd.html]
[www.afbank.com/locations/va/fort-myer/106-mcnair-rd.html]
[www.afbank.com/locations/ca/fort-irwin/POST.html]
[www.afbank.com/locations/ca/fort-irwin.html]
[www.afbank.com/locations/ca/fort-irwin/6075-outer-loop-rd.html]
[www.afbank.com/locations/ca/fort-irwin/34-goldstone.html]
[www.afbank.com/locations/ca/fort-irwin/918-inner-loop-rd.html]
[www.afbank.com/locations/ca/fort-irwin/3920-inner-loop-rd.html]
[www.afbank.com/locations/az/fort-huachuca/POST.html]
[www.afbank.com/locations/az/fort-huachuca.html]
[www.afbank.com/locations/az/fort-huachuca/61610-arizona-st.html]
[www.afbank.com/locations/az/fort-huachuca/61801-arizona-st.html]
[www.afbank.com/locations/az/fort-huachuca/52030-arizona.html]
[www.afbank.com/locations/az/fort-huachuca/52038-healy.html]
[www.afbank.com/locations/wa/joint-base-lewis-mcchord/POST.html]
[www.afbank.com/locations/wa/joint-base-lewis-mcchord.html]
[www.afbank.com/locations/wa/fort-lewis/5275-north-14th-street.html]
[www.afbank.com/locations/wa/fort-lewis/5280-pendleton-avenue.html]
[www.afbank.com/locations/wa/fort-lewis/2407-stryker-ave.html]
[www.afbank.com/locations/wa/fort-lewis/3746-railroad-avenue.html]
[www.afbank.com/locations/az/luke-afb/POST.html]
[www.afbank.com/locations/az/luke-afb.html]
[www.afbank.com/locations/az/luke-afb/7071-n-138th-ave.html]
[www.afbank.com/locations/az/luke-afb/1124-thunderbird-st.html]
[www.afbank.com/locations/ca/travis-afb/POST.html]
[www.afbank.com/locations/ca/travis-afb.html]
[www.afbank.com/locations/ca/travis-afb/648-mather-st.html]
[www.afbank.com/locations/ca/travis-afb/172-broadway-st.html]
[www.afbank.com/locations/ny/fort-drum/POST.html]
[www.afbank.com/locations/ny.html]
[www.afbank.com/locations/ny/fort-drum/10730c-enduring-freedom-blvd.html]
[www.afbank.com/locations/ny/fort-drum/1485-tigres-river-valley-rd.html]
[www.afbank.com/locations/ny/fort-drum/bldg-p-10207.html]
[www.afbank.com/locations/ks/fort-riley/POST.html]
[www.afbank.com/locations/ks/fort-riley.html]
[www.afbank.com/locations/ks/fort-riley/2597-normandy-dr.html]
[www.afbank.com/locations/ks/fort-riley/7867-normandy-dr.html]
[www.afbank.com/locations/ks/fort-riley/2310-trooper-dr.html]
[www.afbank.com/locations/ks/fort-riley/2210-trooper-dr.html]
[www.afbank.com/media/press-release/POST.html]
[www.afbank.com/podcast/militarily-speaking-podcast-episode-14.html]
[www.afbank.com/media9ba9.html]
[www.afbank.com/media/in-the-news/POST.html]
[www.afbank.com/podcast/militarily-speaking-ep-4-million-thanks-shauna-fleming.html]
[www.afbank.com/podcast/militarily-speaking-ep10-conversation-sean-brown-southeastern-guide-dogs.html]
[www.afbank.com/sites/default/files/media-post/pella_and_nick.png]
[www.afbank.com/podcast/militarily-speaking-ep-6-mil-housing-network-danielle-adams.html]
[www.afbank.com/media/in-the-news/armed-forces-bank-partners-us-army’s-pays-program-u.s.html]
[www.afbank.com/media/in-the-news/armed-forces-bank-partners-us-army’s-pays-program-Leavenworth-Lamp.html]
[www.afbank.com/media/in-the-news/armed-forces-bank-fills-tech-roles-veterans-ATM-Marketplace.html]
[www.afbank.com/media/category/in-the-news4658.html]
[www.afbank.com/media/POST.html]
[www.afbank.com/media/press-release2679.html]
[www.afbank.com/media/press-release/armed-forces-bank-and-u.s2679.html]
[www.afbank.com/media/press-release/armed-forces-bank-launches-militarily-speaking-podcast-series-dedicated-helping-military.html]
[www.afbank.com/media/press-release/2021-military-holiday-spending-survey-reveals-how-military-respondents-are-approaching-holiday.html]
[www.afbank.com/media/press-release/armed-forces-bank-wins-2021-community-impact-award.html]
[www.afbank.com/media/category/press-releases4658.html]
[www.afbank.com/personal/education/va-loan-guide/POST.html]
[www.afbank.com/blog/tags/military-appreciation.html]
[www.afbank.com/blog/tags/military-family2679.html]
[www.afbank.com/blog/tags/retirement-saving.html]
[www.afbank.com/blog/tags/retirement.html]
[www.afbank.com/blog/tags/thrift-savings-plan.html]
[www.afbank.com/blog/tags/blended-retirement-system.html]
[www.afbank.com/blog/tags/tsp.html]
[www.afbank.com/blog/tags/brs.html]
[www.afbank.com/blog/tags/military-retirement-savings.html]
[www.afbank.com/blog/tags/military-retirement-options.html]
[www.afbank.com/blog/tags/retirement-options.html]
[www.afbank.com/blog/tags/saving-cents.html]
[www.afbank.com/blog/tags/emergency-fund.html]
[www.afbank.com/blog/personal/savings-&-budgeting4658.html]
[www.afbank.com/blog/tags/financial-goals.html]
[www.afbank.com/blog/tags/checking-account.html]
[www.afbank.com/blog/tags/savings-account2679.html]
[www.afbank.com/blog/tags/credit-utilization.html]
[www.afbank.com/blog/tags/credit-score.html]
[www.afbank.com/blog/tags/credit-mix.html]
[www.afbank.com/blog/tags/credit-builder.html]
[www.afbank.com/blog/tags/military-saves-month.html]
[www.afbank.com/blog/tags/tax-refund.html]
[www.afbank.com/blog/tags/debt.html]
[www.afbank.com/blog/tags/savings2679.html]
[www.afbank.com/blog/tags/debt-consolidation.html]
[www.afbank.com/blog/tags/military-loan.html]
[www.afbank.com/blog/tags/access-loan4658.html]
[www.afbank.com/blog/commercial/POST2679.html]
[www.afbank.com/blog/commercial/military-family4658.html]
[www.afbank.com/blog9ba9.html]
[www.afbank.com/blog/tags/diversity2679.html]
[www.afbank.com/blog/tags/inclusion2679.html]
[www.afbank.com/blog/tags/equity2679.html]
[www.afbank.com/blog/personal/financial-health4658.html]
[www.afbank.com/blog/tags/va-lender.html]
[www.afbank.com/blog/tags/mortgage.html]
[www.afbank.com/blog/tags/mortgage-loan.html]
[www.afbank.com/blog/tags/refinance.html]
[www.afbank.com/blog/tags/va-mortgage-loan2679.html]
[www.afbank.com/blog/tags/finance-101.html]
[www.afbank.com/blog/tags/finance.html]
[www.afbank.com/blog/tags/home-ownership.html]
[www.afbank.com/blog/tags/home-equity.html]
[www.afbank.com/blog/tags/hero-loan.html]
[www.afbank.com/blog/tags/budget.html]
[www.afbank.com/blog/personal/home-&-mortgage4658.html]
[www.afbank.com/blog/military/military-family4658.html]
[www.afbank.com/personal/accounts/zelle®/POST-2.html]
[www.afbank.com/blog/personal-banking/savings-%2526-budgeting/POST2679.html]
[www.afbank.com/blog/personal-banking/savings-%26-budgeting/POST2679.html]
[www.afbank.com/blog/personal-banking/savings-&-budgeting/POST2679.html]
[www.afbank.com/blog/personal-banking/savings&budgeting/POST2679.html]
[www.afbank.com/blog/personal-banking/savings-%-budgeting/POST2679.html]
[www.afbank.com/blog/military/military-family/POST2679.html]
[www.afbank.com/message-your-appreciation/POST.html]
[www.afbank.com/forms/million-thanks.html]
[www.afbank.com/blog/personal/financial-health/POST2679.html]
[www.afbank.com/blog/military-lifestyle/military-family/POST2679.html]
[www.afbank.com/blog/POST2679.html]
[www.afbank.com/blog/personal-banking/financial-health/POST2679.html]
[www.afbank.com/blog/financial-health/POST2679.html]
[www.afbank.com/blog/financial-health/financial-health/POST2679.html]
[www.afbank.com/blog/personal-banking/savings-%252526-budgeting/POST2679.html]
[www.afbank.com/blog/personal-banking/savings/POST2679.html]
[www.afbank.com/blog/HELOC/POST2679.html]
[www.afbank.com/blog/personal-banking/home-mortgage/POST2679.html]
[www.afbank.com/blog/personal-banking/digital-banking/POST2679.html]
[www.afbank.com/sites/default/files/css/css_FMr3ivniMkPUiZq7jozd-56cizOb6uWA5-Q3X3_6KR8.css]
[www.afbank.com/sites/default/files/js/js_umjVqDag_iznfu4j886VAcXIfwt2L4t79IMPxjuBZRc.js]
[www.afbank.com/blog/personal-banking/POST2679.html]
[www.afbank.com/blog/personal-banking/security/POST2679.html]
[www.afbank.com/podcast/militarily-speaking-podcast-episode-13.html]
[www.afbank.com/media/category/podcasts9ba9.html]
[www.afbank.com/locations/ks/POST.html]
[www.afbank.com/locations/co/POST.html]
[www.afbank.com/locations/co/fort-carson/10129-warfighter-rd.html]
[www.afbank.com/locations/co/fort-carson/1444-specker-ave.html]
[www.afbank.com/locations/co/fort-carson/2330-utah-beach.html]
[www.afbank.com/locations/co/fort-carson/2715-wilderness-rd.html]
[www.afbank.com/locations/co/fort-carson/5115-chiles-ave.html]
[www.afbank.com/locations/co/fort-carson/900-magnath-ave.html]
[www.afbank.com/locations/va/POST.html]
[www.afbank.com/locations/ca/POST.html]
[www.afbank.com/locations/ca/fort-irwin/254-b-ave.html]
[www.afbank.com/locations/ca/fort-irwin/271-7th-street.html]
[www.afbank.com/locations/ca/fort-irwin/6079-outer-loop-rd.html]
[www.afbank.com/locations/az/POST.html]
[www.afbank.com/locations/az/fort-huachuca/15491-winrow-ave.html]
[www.afbank.com/locations/az/fort-huachuca/52010-arizona-st.html]
[www.afbank.com/locations/az/fort-huachuca/82301-bissel-rd.html]
[www.afbank.com/locations/az/fort-huachuca/85202-hunt-ave.html]
[www.afbank.com/locations/wa/POST.html]
[www.afbank.com/locations/wa/fort-lewis/POST.html]
[www.afbank.com/locations/wa/fort-lewis.html]
[www.afbank.com/locations/wa/fort-lewis/3145-pendelton-ave.html]
[www.afbank.com/locations/ks/junction-city/429-w-18th-st.html]
[www.afbank.com/media/press-release/POST2679.html]
[www.afbank.com/mediafdb0.html]
[www.afbank.com/media/in-the-news/POST2679.html]
[www.afbank.com/media/in-the-news/armed-forces-bank-partners-us-army’s-pays-program-u.s-2.html]
[www.afbank.com/media/in-the-news/armed-forces-bank-partners-us-army’s-pays-program-Leavenworth-Lamp-2.html]
[www.afbank.com/media/in-the-news/pays-program-leavenworth-times.html]
[www.afbank.com/media/in-the-news/armed-forces-bank-fills-tech-roles-veterans-us.html]
[www.afbank.com/media/in-the-news/armed-forces-bank-fill-tech-roles-veterans-bank-automation-news.html]
[www.afbank.com/media/category/in-the-news9ba9.html]
[www.afbank.com/media/POST2679.html]
[www.afbank.com/media/press-release4658.html]
[www.afbank.com/media/press-release/armed-forces-bank-and-u.s4658.html]
[www.afbank.com/media/press-release/armed-forces-bank-enters-deal-ks-statebank.html]
[www.afbank.com/media/press-release/armed-forces-bank-named-distinguished-bank-year-department-army-and-navy.html]
[www.afbank.com/blog/tags/a-million-thanks.html]
[www.afbank.com/blog/tags/month-of-military-child.html]
[www.afbank.com/blog/tags/military.html]
[www.afbank.com/blog/tags/secured-credit-card.html]
[www.afbank.com/blog/tags/ira.html]
[www.afbank.com/blog/tags/graduates.html]
[www.afbank.com/blog/tags/financial-health.html]
[www.afbank.com/blog/personal/savings-&-budgeting9ba9.html]
[www.afbank.com/blog/tags/credit.html]
[www.afbank.com/blog/tags/new-recruits.html]
[www.afbank.com/blog/tags/build-credit.html]
[www.afbank.com/blog/tags/credit-builder2679.html]
[www.afbank.com/blog/tags/stimulus-payment.html]
[www.afbank.com/blog/tags/stimulus.html]
[www.afbank.com/blog/tags/savings4658.html]
[www.afbank.com/blog/tags/military-access-loan.html]
[www.afbank.com/blog/tags/life-events.html]
[www.afbank.com/blog/tags/personal-loan.html]
[www.afbank.com/blog/commercial/POST4658.html]
[www.afbank.com/blog/commercial/military-family9ba9.html]
[www.afbank.com/blogfdb0.html]
[www.afbank.com/blog/tags/women's-history-month.html]
[www.afbank.com/blog/tags/maggie-walker.html]
[www.afbank.com/blog/tags/muriel-siebert.html]
[www.afbank.com/blog/tags/jane-yellen.html]
[www.afbank.com/blog/tags/sheila-bair.html]
[www.afbank.com/blog/tags/adena-friedman.html]
[www.afbank.com/blog/personal/financial-health9ba9.html]
[www.afbank.com/blog/tags/home-loans.html]
[www.afbank.com/blog/tags/access-loans.html]
[www.afbank.com/blog/tags/finances-101.html]
[www.afbank.com/blog/personal/home-&-mortgage9ba9.html]
[www.afbank.com/blog/military/military-family9ba9.html]
[www.afbank.com/blog/personal-banking/savings-%2526-budgeting/POST4658.html]
[www.afbank.com/blog/personal-banking/savings-%26-budgeting/POST4658.html]
[www.afbank.com/blog/personal-banking/savings-&-budgeting/POST4658.html]
[www.afbank.com/blog/personal-banking/savings&budgeting/POST4658.html]
[www.afbank.com/blog/personal-banking/savings-%-budgeting/POST4658.html]
[www.afbank.com/blog/military/military-family/POST4658.html]
[www.afbank.com/sites/default/files/js/js_7tEabeEz3DVOncIV5bxBJoBK6Te32ODs--hxlBsAFjs.js]
[www.afbank.com/blog/personal/financial-health/POST4658.html]
[www.afbank.com/blog/military-lifestyle/military-family/POST4658.html]
[www.afbank.com/blog/POST4658.html]
[www.afbank.com/blog/personal-banking/financial-health/POST4658.html]
[www.afbank.com/blog/financial-health/POST4658.html]
[www.afbank.com/blog/financial-health/financial-health/POST4658.html]
[www.afbank.com/blog/personal-banking/savings-%252526-budgeting/POST4658.html]
[www.afbank.com/blog/personal-banking/savings/POST4658.html]
[www.afbank.com/blog/HELOC/POST4658.html]
[www.afbank.com/blog/personal-banking/home-mortgage/POST4658.html]
[www.afbank.com/blog/personal-banking/digital-banking/POST4658.html]
[www.afbank.com/blog/personal-banking/POST4658.html]
[www.afbank.com/blog/personal-banking/security/POST4658.html]
[www.afbank.com/podcast/militarily-speaking-ep-11-conversation-shane-smeed-park-university.html]
[www.afbank.com/podcast/militarily-speaking-ep-9-talk-col-jerry-quinn-usar-coo-and-secretary-aafmaa.html]
[www.afbank.com/media/category/podcastsfdb0.html]
[www.afbank.com/locations/wa/fort-lewis/9052-gardner-loop.html]
[www.afbank.com/locations/wa/fort-lewis/9179-cramer-avenue.html]
[www.afbank.com/locations/wa/fort-lewis/mamc-jackson-ave.html]
[www.afbank.com/locations/ks/junction-city/POST.html]
[www.afbank.com/locations/ks/junction-city.html]
[www.afbank.com/media/press-release/POST4658.html]
[www.afbank.com/mediaaf4d.html]
[www.afbank.com/media/in-the-news/POST4658.html]
[www.afbank.com/media/in-the-news/armed-forces-bank-launches-“militarily-speaking”-podcast-series-dedicated-helping-military-u.s.html]
[www.afbank.com/media/in-the-news/armed-forces-bank-launches-podcast-series-leavenworth-times.html]
[www.afbank.com/media/in-the-news/new-show-launches-help-veterans-podcast-business-journal.html]
[www.afbank.com/media/category/in-the-newsfdb0.html]
[www.afbank.com/media/POST4658.html]
[www.afbank.com/media/press-release9ba9.html]
[www.afbank.com/media/press-release/armed-forces-bank-and-u.s9ba9.html]
[www.afbank.com/blog/tags/veterans-day.html]
[www.afbank.com/blog/tags/recruits.html]
[www.afbank.com/blog/tags/digital-banking.html]
[www.afbank.com/blog/tags/savings-cents.html]
[www.afbank.com/blog/tags/student-checking.html]
[www.afbank.com/blog/tags/spend-tax-refund.html]
[www.afbank.com/blog/tags/graduation-gifts.html]
[www.afbank.com/blog/tags/home-&-mortgage.html]
[www.afbank.com/blog/tags/account-alerts.html]
[www.afbank.com/blog/commercial/POST9ba9.html]
[www.afbank.com/blog/commercial/military-familyfdb0.html]
[www.afbank.com/blogaf4d.html]
[www.afbank.com/blog/personal/financial-healthfdb0.html]
[www.afbank.com/blog/military/military-familyfdb0.html]
[www.afbank.com/blog/personal-banking/savings-%2526-budgeting/POST9ba9.html]
[www.afbank.com/blog/personal-banking/savings-%26-budgeting/POST9ba9.html]
[www.afbank.com/blog/personal-banking/savings-&-budgeting/POST9ba9.html]
[www.afbank.com/blog/personal-banking/savings&budgeting/POST9ba9.html]
[www.afbank.com/blog/personal-banking/savings-%-budgeting/POST9ba9.html]
[www.afbank.com/blog/military/military-family/POST9ba9.html]
[www.afbank.com/blog/personal/financial-health/POST9ba9.html]
[www.afbank.com/blog/military-lifestyle/military-family/POST9ba9.html]
[www.afbank.com/blog/POST9ba9.html]
[www.afbank.com/blog/personal-banking/financial-health/POST9ba9.html]
[www.afbank.com/blog/financial-health/POST9ba9.html]
[www.afbank.com/blog/financial-health/financial-health/POST9ba9.html]
[www.afbank.com/blog/personal-banking/savings-%252526-budgeting/POST9ba9.html]
[www.afbank.com/blog/personal-banking/savings/POST9ba9.html]
[www.afbank.com/blog/HELOC/POST9ba9.html]
[www.afbank.com/blog/personal-banking/home-mortgage/POST9ba9.html]
[www.afbank.com/blog/personal-banking/digital-banking/POST9ba9.html]
[www.afbank.com/blog/personal-banking/POST9ba9.html]
[www.afbank.com/blog/personal-banking/security/POST9ba9.html]
[www.afbank.com/podcast/militarily-speaking-ep-7-meet-dan-bozung.html]
[www.afbank.com/podcast/militarily-speaking-ep-8-talk-learn-about-consumer-credit.html]
[www.afbank.com/media/category/podcastsaf4d.html]
[www.afbank.com/locations/wa/north-fort-lewis/11566-41st-div-a-st.html]
[www.afbank.com/media/press-release/POST9ba9.html]
[www.afbank.com/mediac575.html]
[www.afbank.com/media/in-the-news/POST9ba9.html]
[www.afbank.com/media/in-the-news/armed-forces-bank-launches-“militarily-speaking”-podcast-series-dedicated-helping-military-u.s-2.html]
[www.afbank.com/media/in-the-news/armed-forces-bank-launches-podcast-series-leavenworth-lansing-chamber-of-commerce.html]
[www.afbank.com/media/in-the-news/2021-military-holiday-spending-survey-reveals-how-military-respondents-are-approaching-holiday-association-of-military-banks-of-america-twitter.html]
[www.afbank.com/media/in-the-news/2021-military-holiday-spending-survey-reveals-how-military-respondents-are-approaching-holiday-u.s.html]
[www.afbank.com/media/category/in-the-newsaf4d.html]
[www.afbank.com/media/POST9ba9.html]
[www.afbank.com/media/press-releasefdb0.html]
[www.afbank.com/media/press-release/armed-forces-bank-and-u.sfdb0.html]
[www.afbank.com/blog/tags/mobile-deposit.html]
